#-----------------------------------------------------------
# Vivado v2017.4 (64-bit)
# SW Build 2086221 on Fri Dec 15 20:55:39 MST 2017
# IP Build 2085800 on Fri Dec 15 22:25:07 MST 2017
# Start of session at: Thu Mar  8 22:40:28 2018
# Process ID: 4820
# Current directory: C:/Users/ZdunekPC/Documents/Spektrop2/Vivado/Spektrop2_CMV4000_V3/Spektrop2_CMV4000_V2.runs/design_1_axis_dwidth_converter_0_0_synth_1
# Command line: vivado.exe -log design_1_axis_dwidth_converter_0_0.vds -product Vivado -mode batch -messageDb vivado.pb -notrace -source design_1_axis_dwidth_converter_0_0.tcl
# Log file: C:/Users/ZdunekPC/Documents/Spektrop2/Vivado/Spektrop2_CMV4000_V3/Spektrop2_CMV4000_V2.runs/design_1_axis_dwidth_converter_0_0_synth_1/design_1_axis_dwidth_converter_0_0.vds
# Journal file: C:/Users/ZdunekPC/Documents/Spektrop2/Vivado/Spektrop2_CMV4000_V3/Spektrop2_CMV4000_V2.runs/design_1_axis_dwidth_converter_0_0_synth_1\vivado.jou
#-----------------------------------------------------------
source design_1_axis_dwidth_converter_0_0.tcl -notrace
